// Jest Snapshot v1, https://goo.gl/fbAQLP

exports[`Movie component layout 1`] = `
<div>
  <div
    class="movie"
    tabindex="0"
  >
    <a
      class="link"
      href="/movie/1"
      id="1"
    >
      <picture>
        <source
          media="(min-width:780px)"
          srcset="undefinedw780/4I6IJwKxjY1HTEkfLmlp4aWoflT.jpg"
        />
        <source
          media="(min-width:342px)"
          srcset="undefinedw342/4I6IJwKxjY1HTEkfLmlp4aWoflT.jpg"
        />
        <img
          alt="Movie_Title"
          class="image "
          src="undefinedoriginal/4I6IJwKxjY1HTEkfLmlp4aWoflT.jpg"
        />
      </picture>
    </a>
    <p
      class="MuiTypography-root MuiTypography-body1 title  css-ahj2mt-MuiTypography-root"
    >
      <strong
        class="titleText"
      >
        Movie_Title
      </strong>
      <span
        class="icons"
      >
        <button
          class="icon "
          tabindex="0"
        >
          <svg
            aria-hidden="true"
            class="MuiSvgIcon-root MuiSvgIcon-fontSizeMedium css-i4bv87-MuiSvgIcon-root"
            data-testid="FavoriteIcon"
            focusable="false"
            viewBox="0 0 24 24"
          >
            <path
              d="m12 21.35-1.45-1.32C5.4 15.36 2 12.28 2 8.5 2 5.42 4.42 3 7.5 3c1.74 0 3.41.81 4.5 2.09C13.09 3.81 14.76 3 16.5 3 19.58 3 22 5.42 22 8.5c0 3.78-3.4 6.86-8.55 11.54L12 21.35z"
            />
          </svg>
        </button>
        <button
          class="icon "
          tabindex="0"
        >
          <svg
            aria-hidden="true"
            class="MuiSvgIcon-root MuiSvgIcon-fontSizeMedium css-i4bv87-MuiSvgIcon-root"
            data-testid="BookmarkAddedIcon"
            focusable="false"
            viewBox="0 0 24 24"
          >
            <path
              d="m19 21-7-3-7 3V5c0-1.1.9-2 2-2h7c-.63.84-1 1.87-1 3 0 2.76 2.24 5 5 5 .34 0 .68-.03 1-.1V21zM17.83 9 15 6.17l1.41-1.41 1.41 1.41 3.54-3.54 1.41 1.41L17.83 9z"
            />
          </svg>
        </button>
      </span>
    </p>
    <p
      class="MuiTypography-root MuiTypography-body2 css-e784if-MuiTypography-root"
    >
      Take a trip back to the 90's in Kolkata
    </p>
  </div>
</div>
`;
